// Jest Snapshot v1, https://goo.gl/fbAQLP

exports[`<Nav /> Component Check the UI of the Nav component 1`] = `
Object {
  "component": Nav {
    "$$": Object {
      "after_update": Array [],
      "before_update": Array [],
      "bound": Object {},
      "callbacks": Object {},
      "context": Map {},
      "ctx": Array [
        undefined,
        null,
      ],
      "dirty": Array [
        -1,
      ],
      "fragment": Object {
        "c": [Function],
        "d": [Function],
        "i": [Function],
        "l": [Function],
        "m": [Function],
        "o": [Function],
        "p": [Function],
      },
      "not_equal": [Function],
      "on_destroy": Array [
        [Function],
        [Function],
      ],
      "on_mount": Array [],
      "props": Object {
        "segment": 0,
      },
      "update": [Function],
    },
    "$capture_state": [Function],
    "$inject_state": [Function],
    "$set": [Function],
  },
  "container": <body>
    <div>
      <nav>
        <input
          id="res-menu"
          type="checkbox"
        />
         
        <label
          for="res-menu"
        >
          <i
            class="fa fa-bars"
            id="sign-one"
          />
           
          <i
            class="fa fa-times"
            id="sign-two"
          />
        </label>
         
        <div
          class="logo"
        >
          <a
            aria-current="page"
            href="/"
          >
            <img
              alt="Gamecheap Logo"
              src="../gamecheap-logo.png"
            />
          </a>
           
          <a
            aria-current="page"
            href="/"
          >
            <h1>
              Gamecheap
            </h1>
          </a>
        </div>
         
        <ul>
          <li>
            <a
              aria-current="page"
              href="/"
            >
              Home
            </a>
          </li>
           
          <li>
            <a
              href="about"
            >
              About
            </a>
          </li>
           
          <li>
            <a
              href="blog"
              rel="prefetch"
            >
              Blog
            </a>
          </li>
           
          <li>
            <a
              href="favorites"
            >
              Favorites
            </a>
          </li>
           
          <li>
            <a
              href="signup"
            >
              Sign up
            </a>
          </li>
           
          <li>
            <a
              href="login"
            >
              <button>
                Log in
              </button>
            </a>
          </li>
        </ul>
      </nav>
    </div>
  </body>,
  "debug": [Function],
  "findAllByAltText": [Function],
  "findAllByDisplayValue": [Function],
  "findAllByLabelText": [Function],
  "findAllByPlaceholderText": [Function],
  "findAllByRole": [Function],
  "findAllByTestId": [Function],
  "findAllByText": [Function],
  "findAllByTitle": [Function],
  "findByAltText": [Function],
  "findByDisplayValue": [Function],
  "findByLabelText": [Function],
  "findByPlaceholderText": [Function],
  "findByRole": [Function],
  "findByTestId": [Function],
  "findByText": [Function],
  "findByTitle": [Function],
  "getAllByAltText": [Function],
  "getAllByDisplayValue": [Function],
  "getAllByLabelText": [Function],
  "getAllByPlaceholderText": [Function],
  "getAllByRole": [Function],
  "getAllByTestId": [Function],
  "getAllByText": [Function],
  "getAllByTitle": [Function],
  "getByAltText": [Function],
  "getByDisplayValue": [Function],
  "getByLabelText": [Function],
  "getByPlaceholderText": [Function],
  "getByRole": [Function],
  "getByTestId": [Function],
  "getByText": [Function],
  "getByTitle": [Function],
  "queryAllByAltText": [Function],
  "queryAllByDisplayValue": [Function],
  "queryAllByLabelText": [Function],
  "queryAllByPlaceholderText": [Function],
  "queryAllByRole": [Function],
  "queryAllByTestId": [Function],
  "queryAllByText": [Function],
  "queryAllByTitle": [Function],
  "queryByAltText": [Function],
  "queryByDisplayValue": [Function],
  "queryByLabelText": [Function],
  "queryByPlaceholderText": [Function],
  "queryByRole": [Function],
  "queryByTestId": [Function],
  "queryByText": [Function],
  "queryByTitle": [Function],
  "rerender": [Function],
  "unmount": [Function],
}
`;
